COMMAND: node server\internal-api\probes\probe-register-job.js
PASS  setup: the catalogue starts EMPTY on disk — rows=0
PASS  a BRIDGE sender is refused UNAUTHORIZED_SENDER — code=UNAUTHORIZED_SENDER
PASS  the denial comes from the CORE, not the gateway shape-check (a well-formed request, refused on policy) — gatewayRefused=false
PASS  the denial wrote NOTHING — no catalogue row ON DISK (mutation-backed guard) — rows=0
PASS  the OWNER registers a job -> ok, registered: true — ok=true result={"registered":true,"job_id":"launch-worker","action_type":"launch-agent","enabled":true}
PASS  the result reports WHAT was registered (loud feedback, D21(3)) — result={"registered":true,"job_id":"launch-worker","action_type":"launch-agent","enabled":true}
PASS  the catalogue row ACTUALLY LANDED ON DISK (read back, not a return value) — disk row={"job_id":"launch-worker","action_type":"launch-agent","function":"spawnLaunchAgent","args_schema":"{\"required\":{\"profile\":\"string\"},\"optional\":{\"prompt\":\"string\"}}","enabled":1}
PASS  a duplicate id is refused VALIDATION_FAILED — code=VALIDATION_FAILED
PASS  the refusal NAMES the check (E_JOB_EXISTS) rather than degrading to INTERNAL — details={"check":"E_JOB_EXISTS","field":"jobId","jobId":"launch-worker"}
PASS  the refused duplicate overwrote NOTHING ON DISK — disk row={"job_id":"launch-worker","action_type":"launch-agent","function":"spawnLaunchAgent","args_schema":"{\"required\":{\"profile\":\"string\"},\"optional\":{\"prompt\":\"string\"}}","enabled":1}
PASS  an AGENT sender is ALLOWED (master approximation, owner ruling (ii)) — ok=true error=null
PASS  the agent-registered row is ON DISK — rows=2
PASS  (a) an unknown payload field is refused at the gateway shape-check — code=SHAPE_INVALID details={"field":"nonsense"}
PASS  (b) the CORE refuses the same unknown field with the gateway BYPASSED (strict-schema, first check) — code=VALIDATION_FAILED details={"check":"strict-schema","field":"nonsense"}
PASS  neither strict-schema refusal wrote anything — no row
PASS  an unknown action_type is refused at the gateway shape-check — code=SHAPE_INVALID
PASS  dry-run returns the validate-only verdict — result={"dry_run":true,"valid":true}
PASS  dry-run wrote NOTHING — catalogue row count UNCHANGED ON DISK — rows=2 (before 2)
PASS  dry-run runs the duplicate check too (E_JOB_EXISTS, nothing written) — details={"check":"E_JOB_EXISTS","field":"jobId","jobId":"launch-worker"}
PASS  enabled:false and description reach the row ON DISK — result={"registered":true,"job_id":"staged","action_type":"launch-agent","enabled":false} disk={"job_id":"staged","action_type":"launch-agent","function":"spawnLaunchAgent","args_schema":"{\"required\":{\"profile\":\"string\"},\"optional\":{\"prompt\":\"string\"}}","enabled":0}
PASS  a STRING args_schema normalizes to the same stored value as an OBJECT one — string={"required":{"profile":"string"},"optional":{"prompt":"string"}} object={"required":{"profile":"string"},"optional":{"prompt":"string"}}
PASS  a sender with no kind is refused, and registers nothing — code=BAD_ENVELOPE
PASS  a job registered through the gateway is then ENQUEUEABLE through the gateway — ok=true result={"jobId":1} error=null
PASS  an UNREGISTERED job is still refused at enqueue (E_UNKNOWN_JOB) — details={"check":"E_UNKNOWN_JOB","jobId":"never-registered"}

CHECKS: 24/24 passed
REGISTER_INTENT_OK: true
EXIT: 0
WALL_MS: 41
