COMMAND: node server/internal-api/probes/probe-inspect-executions.js
seeded: {"failed":[1,3,5],"running":[2],"stalled":[4,7],"done":[6]}
PASS  inspect executions --status failed returns EXACTLY its own 3 row(s), by exec_id — got=[1,3,5] want=[1,3,5]
PASS  every row returned for 'failed' actually CARRIES status 'failed' (no unfiltered leak) — statuses=["failed"]
PASS  the 'failed' result ECHOES its filter and reports eof — status=failed eof=true
PASS  inspect executions --status stalled returns EXACTLY its own 2 row(s), by exec_id — got=[4,7] want=[4,7]
PASS  every row returned for 'stalled' actually CARRIES status 'stalled' (no unfiltered leak) — statuses=["stalled"]
PASS  the 'stalled' result ECHOES its filter and reports eof — status=stalled eof=true
PASS  two different filters return DISJOINT, NON-EMPTY sets (the filter is load-bearing, not decorative) — failed=[1,3,5] stalled=[4,7]
PASS  neither filter returned the whole fleet (a filter that filters nothing would) — failed=3 stalled=2 fleet=7
PASS  a valid status with NO rows ('killed') is a SUCCESS with an empty list, never an error — ok=true rows=[]
PASS  the empty result still echoes its filter and reports eof true, nextOffset 0 — result={"target":"executions","status":"killed","rows":[],"nextOffset":0,"eof":true}
PASS  the empty result maps to HTTP 200 — no rows is not a failure — status=200
PASS  an UNKNOWN status is REFUSED at the gateway blaming status, never answered with an empty list — ok=false field=status error="SHAPE_INVALID"
PASS  the refusal NAMES the valid set (a refusal that does not is a guessing game) — message=inspect executions status must be launching|running|done|blocked|failed|stalled|killed (got "no-such-status")
PASS  the CORE independently refuses an unknown status VALIDATION_FAILED, naming its check — code=VALIDATION_FAILED details={"check":"exec-status","field":"status"}
PASS  inspect executions WITHOUT --status is refused, and the refusal BLAMES status (not the target) — ok=false field=status error="inspect executions requires a status"
PASS  a `status` on a target that cannot honour it is REFUSED, blaming status, never accepted-and-ignored — ok=false field=status error="inspect jobs takes no status"
PASS  inspect executions takes NO id (fleet-scoped, not execution-scoped), and the refusal blames id — ok=false field=id error="inspect executions takes no id"
PASS  limit 2 returns the FIRST two rows and reports eof:false with a nextOffset — rows=[1,3] eof=false next=2
PASS  walking nextOffset reaches EVERY row exactly once and terminates at eof:true — walked=[1,3,5] all=[1,3,5] eof=true
PASS  an offset past the end is an empty page at eof, never an error — ok=true rows=0
PASS  an over-large limit is CLAMPED by the server, never honoured (contract § 1 bounded page) — rows=3
PASS  the entire inspect exercise left jobs_log BYTE-IDENTICAL on disk (read-only surface) — before=7 row(s) after=7 row(s)
PASS  all three inspect TARGET sets are EXPORTED as data (a set the probe cannot read is a set nothing guards) — all three exported
PASS  the THREE copies of the inspect TARGET set are in lockstep — gateway=8 core=8 cli=8
PASS  'executions' is present in ALL THREE copies (this task's own additive change) — gateway=true core=true cli=true
PASS  the live jobs_log.status CHECK constraint is derivable from the database DDL — derived=["launching","running","done","blocked","failed","stalled","killed"]
PASS  EVERY status derived from the DDL is one the database actually ACCEPTS (derivation cross-checked, not read) — derived=["launching","running","done","blocked","failed","stalled","killed"]
PASS  a status OUTSIDE the derived set is REFUSED by the constraint (the set is closed, and the probe can tell) — refused=true
PASS  both code copies of the status enum are EXPORTED as data — gateway=exported core=exported
PASS  the gateway and core status enums are in lockstep with the DATABASE, not merely with each other — ddl=7 gateway=7 core=7
PASS  the CLI builds the executions payload the server expects (intent inspect, target+status) — sent={"intent":"inspect","payload":{"target":"executions","status":"failed"}}
PASS  the CLI forwards --offset/--limit as NUMBERS (a string offset would be shape-refused at the door) — sent={"target":"executions","status":"done","offset":5,"limit":10}
PASS  the CLI refuses `inspect executions` with no --status locally, without a round trip — error=inspect executions requires --status <status>
PASS  the CLI refuses an unrecognized flag on executions (no silently-dropped argument) — error=inspect executions: unrecognized argument(s): --bogus x
PASS  the CLI HELP documents the executions target (a surface nobody can discover is not shipped) — HELP checked for the executions line
PASS  gateway parseRequest refuses an unknown status BEFORE the core is ever reached — threw=true

checks: 36  passed: 36  failed: 0
RESULT: PASS — inspect executions filters, pages, refuses, stays read-only, and both closed sets it extends are in lockstep.
WALL_MS 79
EXIT 0
