{
  "summary": {
    "probe": "probe-chat-allowlist",
    "pass": true,
    "EXIT": 0,
    "WALL_MS": 31,
    "SKIPPED_COUNT": 0
  },
  "entries": [
    {
      "ts": "2026-07-27T04:22:46Z",
      "bridge": {
        "level": "warn",
        "message": "transport exposes no channel admin surface — goal↔channel mapping disabled; channel traffic will be unroutable"
      }
    },
    {
      "ts": "2026-07-27T04:22:46Z",
      "bridge": {
        "level": "warn",
        "message": "chat principal refused — pending owner pairing",
        "chatUserId": "U-stranger"
      }
    },
    {
      "ts": "2026-07-27T04:22:46Z",
      "bridge": {
        "level": "warn",
        "message": "chat message refused (not admitted) — no forward",
        "chatUserId": "U-stranger",
        "chatThreadId": "C-chan:1.1",
        "reason": "not-paired"
      }
    },
    {
      "ts": "2026-07-27T04:22:46Z",
      "bridge": {
        "level": "info",
        "message": "chat message handled",
        "chatThreadId": "C-chan:1.1",
        "forwarded": false,
        "refused": true,
        "reason": "not-paired"
      }
    },
    {
      "ts": "2026-07-27T04:22:46Z",
      "step": "non-allowlisted",
      "strangerOutcome": {
        "forwarded": false,
        "refused": true,
        "reason": "not-paired"
      },
      "queueBefore": 0,
      "queueAfter": 0,
      "pendingPairings": [
        {
          "id": "U-stranger",
          "firstSeenAt": "2026-07-27T04:22:46.764Z",
          "count": 1
        }
      ]
    },
    {
      "ts": "2026-07-27T04:22:46Z",
      "bridge": {
        "level": "info",
        "message": "chat thread mapped to a new conversation",
        "chatThreadId": "C-chan:2.2",
        "queueId": 1
      }
    },
    {
      "ts": "2026-07-27T04:22:46Z",
      "bridge": {
        "level": "info",
        "message": "session-create job enqueued",
        "chatThreadId": "C-chan:2.2",
        "queueId": 1,
        "route": "master",
        "goalId": null,
        "profile": "worker"
      }
    },
    {
      "ts": "2026-07-27T04:22:46Z",
      "bridge": {
        "level": "info",
        "message": "reply leg armed for conversation",
        "chatThreadId": "C-chan:2.2",
        "queueId": 1
      }
    },
    {
      "ts": "2026-07-27T04:22:46Z",
      "bridge": {
        "level": "info",
        "message": "chat message handled",
        "chatThreadId": "C-chan:2.2",
        "forwarded": true,
        "leg": "session-create",
        "intent": "enqueue-job",
        "queueId": 1,
        "route": "master",
        "goalId": null
      }
    },
    {
      "ts": "2026-07-27T04:22:46Z",
      "step": "allowlisted",
      "ownerOutcome": {
        "forwarded": true,
        "leg": "session-create",
        "intent": "enqueue-job",
        "queueId": 1,
        "route": "master",
        "goalId": null
      },
      "queueAfter": 1
    }
  ]
}
