{
  "summary": {
    "probe": "probe-chat-outbound-msg",
    "pass": true,
    "EXIT": 0,
    "WALL_MS": 64,
    "SKIPPED_COUNT": 0
  },
  "entries": [
    {
      "ts": "2026-07-27T04:22:47Z",
      "bridge": {
        "level": "info",
        "message": "chat thread mapped to a new conversation",
        "chatThreadId": "C-chan:9.9",
        "queueId": 1
      }
    },
    {
      "ts": "2026-07-27T04:22:47Z",
      "step": "delivered owner output",
      "res": {
        "delivered": true,
        "ts": "1785126167.236"
      },
      "sentMessages": [
        {
          "channel": "C-chan",
          "text": "here is your PDF report",
          "thread_ts": "9.9"
        }
      ]
    },
    {
      "ts": "2026-07-27T04:22:47Z",
      "step": "assertions",
      "posted": true,
      "askArmed": true
    },
    {
      "ts": "2026-07-27T04:22:47Z",
      "bridge": {
        "level": "info",
        "message": "reply leg stopped"
      }
    },
    {
      "ts": "2026-07-27T04:22:47Z",
      "bridge": {
        "level": "info",
        "message": "chat bridge stopped"
      }
    }
  ]
}
