{
  "summary": {
    "probe": "probe-chat-goal-channel",
    "pass": true,
    "checks": 22,
    "failed": [],
    "EXIT": 0,
    "WALL_MS": 6,
    "SKIPPED_COUNT": 0
  },
  "entries": [
    {
      "ts": "2026-07-27T04:22:49Z",
      "check": "name derivation round-trips (bijection)",
      "pass": true,
      "name": "test-build-core-daemon-mvp",
      "back": "build-core-daemon-mvp"
    },
    {
      "ts": "2026-07-27T04:22:49Z",
      "check": "non-derivable goal id refused, never sanitized",
      "pass": true
    },
    {
      "ts": "2026-07-27T04:22:49Z",
      "check": "over-long derived name refused",
      "pass": true
    },
    {
      "ts": "2026-07-27T04:22:49Z",
      "check": "registerGoal creates the channel once",
      "pass": true,
      "first": {
        "ok": true,
        "goalId": "goal-one",
        "channelId": "C0001",
        "created": true,
        "reason": "created",
        "name": "test-goal-one"
      }
    },
    {
      "ts": "2026-07-27T04:22:49Z",
      "check": "registerGoal is idempotent — second call creates nothing",
      "pass": true,
      "second": {
        "ok": true,
        "goalId": "goal-one",
        "channelId": "C0001",
        "created": false,
        "reason": "cached"
      },
      "createCalls": 1
    },
    {
      "ts": "2026-07-27T04:22:49Z",
      "check": "name_taken adopts the existing channel",
      "pass": true,
      "res": {
        "ok": true,
        "goalId": "goal-two",
        "channelId": "C_PRE",
        "created": false,
        "reason": "adopted",
        "name": "test-goal-two"
      },
      "createAttempts": 1
    },
    {
      "ts": "2026-07-27T04:22:49Z",
      "check": "recover() rebinds every derivable channel from the workspace",
      "pass": true,
      "alpha": "C_A",
      "beta": "C_B"
    },
    {
      "ts": "2026-07-27T04:22:49Z",
      "check": "recover() ignores channels that derive no goal id",
      "pass": true,
      "size": 2
    },
    {
      "ts": "2026-07-27T04:22:49Z",
      "check": "DM routes as MASTER traffic, never goal traffic",
      "pass": true,
      "dm": {
        "forwarded": true,
        "leg": "session-create",
        "intent": "enqueue-job",
        "queueId": 100,
        "route": "master",
        "goalId": null
      }
    },
    {
      "ts": "2026-07-27T04:22:49Z",
      "check": "mapped channel routes as GOAL traffic, attributed to its goal",
      "pass": true,
      "goal": {
        "forwarded": true,
        "leg": "session-create",
        "intent": "enqueue-job",
        "queueId": 101,
        "route": "goal",
        "goalId": "goal-three"
      }
    },
    {
      "ts": "2026-07-27T04:22:49Z",
      "check": "unmapped channel refused — NOTHING enqueued",
      "pass": true,
      "stray": {
        "forwarded": false,
        "refused": true,
        "reason": "unroutable-surface"
      }
    },
    {
      "ts": "2026-07-27T04:22:49Z",
      "check": "group DM (mpim) refused — neither master nor goal",
      "pass": true,
      "group": {
        "forwarded": false,
        "refused": true,
        "reason": "unroutable-surface"
      }
    },
    {
      "ts": "2026-07-27T04:22:49Z",
      "check": "exactly two jobs enqueued across four inbound messages",
      "pass": true,
      "enqueued": 2
    },
    {
      "ts": "2026-07-27T04:22:49Z",
      "check": "one channel = one goal thread (second message is a FOLLOW-UP, not a second session)",
      "pass": true,
      "firstLeg": "session-create",
      "secondLeg": "follow-up",
      "sessionCreates": 1,
      "sendMessages": 1
    },
    {
      "ts": "2026-07-27T04:22:49Z",
      "check": "follow-up addresses the goal thread and never send-to-session",
      "pass": true,
      "thread": "exec-7",
      "intents": [
        "enqueue-job"
      ]
    },
    {
      "ts": "2026-07-27T04:22:49Z",
      "check": "goal reply posts in-channel at top level",
      "pass": true,
      "post": {
        "channel": "C0001",
        "threadTs": null
      }
    },
    {
      "ts": "2026-07-27T04:22:49Z",
      "check": "a threaded inbound is answered inside its thread",
      "pass": true,
      "post2": {
        "threadTs": "20.9"
      }
    },
    {
      "ts": "2026-07-27T04:22:49Z",
      "check": "closeGoal ARCHIVES the channel (never deletes it)",
      "pass": true,
      "retired": {
        "ok": true,
        "goalId": "goal-six",
        "channelId": "C0001",
        "archived": true,
        "reason": "archived"
      }
    },
    {
      "ts": "2026-07-27T04:22:49Z",
      "check": "archived channel is unbound — later traffic is no longer goal traffic",
      "pass": true
    },
    {
      "ts": "2026-07-27T04:22:49Z",
      "check": "closeGoal is idempotent on an already-retired goal",
      "pass": true,
      "again": {
        "ok": true,
        "goalId": "goal-six",
        "channelId": null,
        "archived": false,
        "reason": "not-mapped"
      }
    },
    {
      "ts": "2026-07-27T04:22:49Z",
      "check": "a refused archive fails loud and KEEPS the binding",
      "pass": true,
      "failed": {
        "ok": false,
        "goalId": "goal-seven",
        "channelId": "C0002",
        "archived": false,
        "error": "missing_scope"
      }
    },
    {
      "ts": "2026-07-27T04:22:49Z",
      "check": "bridge source contains NO invite/kick/delete channel call",
      "pass": true,
      "scanned": [
        "allowlist.js",
        "chat-bridge.js",
        "config.js",
        "forward-path.js",
        "gateway-forwarder.js",
        "goal-channel-map.js",
        "index.js",
        "reply-leg.js",
        "slack-socket-mode.js",
        "thread-map.js"
      ],
      "hits": []
    }
  ]
}
