COMMAND: node cli/probes/probe-cli-executions.js
seeded: failed=[1,3] done=[2] killed=[] (empty on purpose)
PASS  the throwaway daemon boots and its gateway listens — port 43501
PASS  FIXTURE: the seeded statuses are still on disk with the daemon RUNNING (no tick rewrote them) — disk=[{"exec_id":1,"status":"failed"},{"exec_id":2,"status":"done"},{"exec_id":3,"status":"failed"}] seeded=[{"exec_id":1,"status":"failed"},{"exec_id":2,"status":"done"},{"exec_id":3,"status":"failed"}]
--- inspect executions --status failed ---
EXIT=0
STDOUT={"ok":true,"result":{"target":"executions","status":"failed","rows":[{"exec_id":1,"parent_exec_id":null,"queue_id":null,"job_id":"probe-cli-sleep","action_type":"launch-agent","args":"{\"profile\":\"test-sleep\"}","enqueued_by":"probe-owner","session_mode":"headless","fired_tick":0,"fired_at":"2026-07-27T21:02:45Z","status":"failed","session_id":null,"pid":null,"exit_code":null,"profile":"test-sle
PASS  `ignite inspect executions --status failed` exits 0 over the real transport — exit=0 stderr=
PASS  it returns EXACTLY the 2 failed row(s), by exec_id — got=[1,3] want=[1,3]
PASS  every row it returned actually carries status 'failed' — statuses=["failed"]
--- inspect executions --status done ---
EXIT=0
STDOUT={"ok":true,"result":{"target":"executions","status":"done","rows":[{"exec_id":2,"parent_exec_id":null,"queue_id":null,"job_id":"probe-cli-sleep","action_type":"launch-agent","args":"{\"profile\":\"test-sleep\"}","enqueued_by":"probe-owner","session_mode":"headless","fired_tick":0,"fired_at":"2026-07-27T21:02:45Z","status":"done","session_id":null,"pid":null,"exit_code":null,"profile":"test-sleep",
PASS  `ignite inspect executions --status done` exits 0 over the real transport — exit=0 stderr=
PASS  it returns EXACTLY the 1 done row(s), by exec_id — got=[2] want=[2]
PASS  every row it returned actually carries status 'done' — statuses=["done"]
PASS  two different --status values return DISJOINT, NON-EMPTY sets through the CLI — failed=[1,3] done=[2]
--- inspect executions --status killed (empty) ---
EXIT=0
STDOUT={"ok":true,"result":{"target":"executions","status":"killed","rows":[],"nextOffset":0,"eof":true}}
PASS  a valid status with NO rows exits 0 with an empty list — no rows is not a failure — exit=0 rows=[]
PASS  the rendered (non-json) empty result SAYS it is empty rather than printing nothing — exit=0 stdout="executions (status killed): 0 row(s)"
--- inspect executions --status no-such-status ---
EXIT=4
STDOUT={"ok":false,"error":{"code":"SHAPE_INVALID","message":"inspect executions status must be launching|running|done|blocked|failed|stalled|killed (got \"no-such-status\")","details":{"field":"status"}}}
STDERR=
PASS  an UNKNOWN status FAILS through the CLI (non-zero exit), never a silent empty list — exit=4
PASS  the failure NAMES the valid status set so the operator can self-correct — output="{\"ok\":false,\"error\":{\"code\":\"SHAPE_INVALID\",\"message\":\"inspect executions status must be launching|running|done|blocked|failed|stalled|killed (got \\\"no-such-status\\\")\",\"details\":{\"field\":\"status\"}}}"
PASS  `inspect executions` with no --status fails, naming status — exit=2 output="USAGE ERROR: inspect executions requires --status <status>"
PASS  --limit 1 returns ONE row and reports eof:false with a nextOffset (numeric args survive argv) — result={"n":1,"eof":false,"next":1}
PASS  walking nextOffset through the CLI reaches every row exactly once and ends at eof:true — walked=[1,3] want=[1,3] eof=true
PASS  `ignite inspect` with no target surfaces `executions` to the operator — output="USAGE ERROR: missing required argument: target (jobs|queue|status|logs|daemon|ticker|messages|executions)"

checks: 17  passed: 17  failed: 0
RESULT: PASS — inspect executions filters, pages, refuses and stays discoverable through the real CLI binary over the real transport.
WALL_MS 1045
EXIT 0
