COMMAND: node cli/probes/probe-cli-register.js
PASS  the throwaway daemon boots and its gateway listens — port 43655
--- register-job ---
EXIT=0
STDOUT=registered: job "cli-registered" (launch-agent, enabled)
STDERR=
PASS  register-job exits 0 and reports what was registered — exit=0 stdout=registered: job "cli-registered" (launch-agent, enabled)
PASS  the registered job appears in `inspect jobs` — exit=0 stdout=jobs: 1 row(s)
{"job_id":"cli-registered","action_type":"launch-agent","function":"launch-agent","args_schema":"{\"required\":{\"profile\":\"string\"},\"optional\":{\"prompt\":\"string\"}}","descripti
--- duplicate ---
EXIT=4
STDOUT=
STDERR=ERROR [VALIDATION_FAILED] job already registered: cli-registered
{"check":"E_JOB_EXISTS","field":"jobId","jobId":"cli-registered"}
PASS  a duplicate id exits 4 (validation), never silently overwriting — exit=4 stderr=ERROR [VALIDATION_FAILED] job already registered: cli-registered
{"check":"E_JOB_EXISTS","field":"jobId","jobId":"cli-registered"}
PASS  the duplicate did NOT change the stored action_type — stdout={"ok":true,"result":{"target":"jobs","rows":[{"job_id":"cli-registered","action_type":"launch-agent","function":"launch-agent","args_schema":"{\"required\":{\"profile\":\"string\"},\"optional\":{\"prompt\":\"string\"}}","description":"registered by probe-cli-register","enabled":1,"created_at":"2026-
PASS  --dry-run exits 0 with a verdict — exit=0 stdout=dry-run: VALID — validated, nothing registered
PASS  --dry-run registered NOTHING — stdout=jobs: 1 row(s)
{"job_id":"cli-registered","action_type":"launch-agent","function":"launch-agent","args_schema":"{\"required\":{\"profile\":\"string\"},\"optional\":{\"prompt\":\"string\"}}","descripti
PASS  --disabled registers with enabled=false — exit=0 stdout=registered: job "staged" (fire-tool, disabled)
PASS  a missing --action-type is a local usage error (exit 2) — exit=2
PASS  a malformed --args-schema is a local usage error (exit 2) — exit=2
--- S-2(a) gate ---
EXIT=4
STDERR=ERROR [VALIDATION_FAILED] args_schema.required declares no "tool", but fire-tool requires that argument at enqueue — so this job would register, report enabled=1, and be unable to EVER fire. Registration is create-only: there is no way to repair the id afterwards. Declare it, e.g. {"required":{"tool":"string"}}.
{"check":"E_BAD_ARGS","field":"args_schema","actionType":"fire-tool","missing":["tool"]}
PASS  a fire-tool job declaring no `tool` is REFUSED at registration (exit 4, E_BAD_ARGS) — exit=4 stderr=ERROR [VALIDATION_FAILED] args_schema.required declares no "tool", but fire-tool requires that argument at enqueue — so this job would register, report enabled=1, and be unable to EVER fire. Registration is create-only: there is no way to repair the id afterwards. Declare it, e.g. {"required":{"tool":"string"}}.
{"check":"E_BAD_ARGS","field":"args_schema","actionType":"fire-tool","missing":["tool"]}
PASS  the refused unfireable job was NOT registered (the id stays free) — stdout=jobs: 2 row(s)
{"job_id":"cli-registered","action_type":"launch-agent","function":"launch-agent","args_schema":"{\"required\":{\"profile\":\"string\"},\"optional\":{\"prompt\":\"string\"}}","descripti
PASS  a BRIDGE sender is refused UNAUTHORIZED_SENDER (exit 1 catch-all) — exit=1 stderr=ERROR [UNAUTHORIZED_SENDER] register-job requires the owner or an enrolled AGENT token; you are a bridge token
{"check":"authorization"}
PASS  an AGENT sender IS allowed (master approximation, owner ruling (ii)) — exit=0 stderr=
PASS  a CLI-registered job is then enqueueable by add-job — exit=0 stdout=queued: queue id 1 stderr=

CHECKS: 15/15 passed
CLI_REGISTER_OK: true
EXIT: 0
WALL_MS: 1234
