PASS  the throwaway daemon starts (precondition for every leg below)
PASS  a daemon with NO settings entry resolves the DEFAULT cadence and names the source  [{"ms":10000,"source":"default"}]
PASS  the edit is accepted and reports itself pending  [exit=0]
PASS  settings.json now holds the new cadence
PASS  ⚠ the RUNNING daemon still reports the OLD cadence — the edit is genuinely pending  [{"ms":10000,"source":"default"}]
PASS  the --restart edit succeeds and says the cadence is in effect  [exit=0]
PASS  the RESTARTED daemon resolves the new cadence FROM settings.json  [{"ms":5000,"source":"settings.json"}]
PASS  the unit is active after the restart  [ActiveState=active NRestarts=0]
PASS  ticks are still firing after the restart (supervision resumed)  [ticks observed=5]
PASS  ⚠ the OBSERVED tick interval matches the NEW cadence, not the old one  [median gap=5000ms over 4 intervals; gaps=5000,5000,5000,5000]
PASS  ...and it is decisively NOT the 10s default it booted with  [median=5000ms]
PASS  ⚠ standing in a DIFFERENT .rbtv/ than the unit names, the surface REFUSES (exit 2)  [exit=2: rbtv-ignite-ticker: REFUSING — two different workspaces answer here, and editing the wrong one would report success and change nothing:]
PASS  ...and the refusal NAMES both candidates, so the operator can pick
PASS  ⚠ a value hand-edited PAST the surface makes the real daemon REFUSE TO START  [ActiveState=failed]
PASS  ...and the refusal NAMES the offending setting rather than dying anonymously  [named]
PASS  ...and restoring a legal value lets it start again (the refusal is not sticky)
PASS  configured == running while nothing is pending  [configured=5000]
PASS  a fresh edit makes configured != running, which is what pending_restart reports  [configured=30000, running=5000]
throwaway unit rbtv-ignite-tickerprobe.service removed

CHECKS: 18/18 passed
SKIPPED_COUNT: 0
COMPLETE: true (ran 18, expected 18)
CADENCE_FLOW_OK: true
EXIT: 0
WALL_MS: 42110
