probe: probe-spawn
started: 2026-07-27T04:30:51.480Z
command: node probes/probe-spawn.js
D109 assert: argv[0]='sleep' resolves to '/usr/bin/sleep'
D109 assert PASS: post-'--' head is the resolved absolute path; tail preserved in order
D109 mutation self-check PASS: assertion rejects the pre-fix bare-argv[0] head
stdin-carriage assert PASS: unit args carry StandardInput=file:<promptfile>
stdin-carriage mutation self-check PASS: assertion rejects the pre-fix property-less unit args
exit-marker assert PASS: unit args carry the ExecStopPost $EXIT_STATUS writer
exit-marker mutation self-check PASS: no exitFile → no ExecStopPost property
exit-marker live PASS: /tmp/p2-2-probe-Di1w3t/data/exits/8cae692f-147f-4c62-b42f-c6774f2b1560.exit carries exit status 0 after clean worker exit
action: fire row then spawn trivial worker via test-sleep profile (prompt: stdin) with a real prompt
exec_id before spawn: 2, status: launching
exec_id after spawn: 2
session_id: 544d548c-7519-4f0a-a930-414c2939836b
pid: 785974
carrier: systemd
unit_name: rbtv-worker-544d548c-7519-4f0a-a930-414c2939836b
status: running
log_path: /tmp/p2-2-probe-Di1w3t/data/logs/544d548c-7519-4f0a-a930-414c2939836b.log
workdir: /tmp/p2-2-probe-Di1w3t/work/2
systemctl --user show caps:
  RuntimeMaxUSec=1h
  MemoryMax=67108864
  TasksMax=8050
systemctl --user is-active: active
stdin live PASS: prompt file /tmp/p2-2-probe-Di1w3t/data/prompts/544d548c-7519-4f0a-a930-414c2939836b.txt carries the prompt verbatim
stdin live PASS: running unit stdin connected to the prompt file (StandardInput=file)
log file exists: true
status: PASS
exit: 0
wall_ms: 447
ended: 2026-07-27T04:30:51.927Z
