probe: probe-peer-identity
started: 2026-07-27T19:06:53.050Z
command: node probes/probe-peer-identity.js
PASS P1 — uncaged caller RESOLVED to its seat from the connection alone
       ok=true seat=occupant code=- callerPid=1985029
PASS P1-ii — the verdict records that it came from the CONNECTION
       resolvedFrom=connection
PASS P2 — CAGED caller RESOLVED (G-124: its own /proc cannot see the recorded host pid)
       ok=true seat=occupant code=- callerPid=1985038 inode=29294361
PASS P3 — a caller CLAIMING another seat is resolved to its REAL one (no assertion channel)
       claimed=a-seat-i-am-not resolved=occupant
PASS P4 — REFUSED: seat folder in a CLOSED run (G-126 checks apply on the peer path too)
       ok=false code=E_RUN_NOT_LIVE
PASS P5 — REFUSED: caller outside any seat folder
       ok=false code=E_IDENTITY_NO_SEAT
PASS P6 — REFUSED: a remote (tailnet) caller holds no seat here; token resolver answers it
       ok=false code=E_PEER_NOT_LOCAL
PASS P7 — REFUSED: no socket matches the four-tuple — absence never passes
       ok=false code=E_PEER_UNRESOLVED
PASS P8 — REFUSED: an incomplete address pair
       code=E_PEER_UNRESOLVED
PASS P9 — the holder scan returns a LIST (so the >1 refusal branch is reachable), empty for a bogus inode
       holders=[]
PASS P10 — loopback recognised in v4, v6 and v4-mapped spellings; tailnet is not loopback
legs: ALL PASS
status: PASS
exit: 0
wall_ms: 316
ended: 2026-07-27T19:06:53.366Z
