COMMAND: node ignite/server/heart/probes/probe-migration.js
FIXTURE: LIVE COPY — user_version 0, jobs_log rows 324

PASS  the fixture really is a pre-versioning store (user_version 0) — else this probe tests nothing — user_version=0
PASS  the fixture is NOT fresh — it already has tables, which is the case schema.sql cannot reach
PASS  opening an existing store walks it forward and STAMPS it — from=0 to=1 applied=[1]
PASS  adoption ran the baseline migration rather than assuming the store was current — applied=[1]
PASS  adoption did not touch the data — rows 324 -> 324
PASS  re-opening is a no-op — migrations are not re-applied on every start — applied=[]
PASS  CONTROL: the column does not exist before the migration
PASS  A REAL SCHEMA CHANGE REACHES AN ALREADY-EXISTING STORE — the entire point of G-135 — applied=[2] to=2
PASS  the schema change preserved every row — rows 324 -> 324
PASS  CONTROL: the edited schema.sql really does declare the new column
PASS  PRE-FIX REPRODUCTION: editing schema.sql lands NOTHING on an existing store — silent, exit 0, no error
PASS  a failing migration THROWS rather than opening a store it could not migrate
PASS  the failure is a NAMED typed code, not a bare SQLite message — code=E_MIGRATION_FAILED
PASS  the failure names the migration a reader must go and fix
PASS  ⚠ NOT HALF-APPLIED: the DDL that DID run was rolled back with it
PASS  the store reports the last migration that actually COMPLETED, never the one that failed — 0 -> 1, failed migration was 2
PASS  and it never claims the failed version
PASS  a store written by a NEWER build is refused with a named code, never silently accepted — code=E_STORE_NEWER_THAN_CODE
PASS  a FRESH store is stamped straight to latest and runs no migration — fresh=true to=1 applied=[]

CHECKS: 19/19 passed
FIXTURE WAS: LIVE COPY
EXIT: 0
WALL_MS: 105
